python : E
En línea: 1 Carácter: 1
+ python tests/test_aur_update_onepass.py > 
test_output.txt 2>&1
+ ~~~~~~~~~~~~~~~~~~~~~~~~~~~~~~~~~~~~~~~~~~~~~~~~~
~~~~~~~~~~~~~
    + CategoryInfo          : NotSpecified: (E:Str 
   ing) [], RemoteException
    + FullyQualifiedErrorId : NativeCommandError
 
===================================================
===================
ERROR: test_aur_update_onepass_flow (__main__.TestA
urUpdateOnepass.test_aur_update_onepass_flow)
---------------------------------------------------
-------------------
Traceback (most recent call last):
  File "C:\Users\Usuario\source\repos\apt-pac\tests
\test_aur_update_onepass.py", line 56, in 
test_aur_update_onepass_flow
    commands.execute_command("upgrade", ["--aur"]) 
# Focus on AUR part
    ~~~~~~~~~~~~~~~~~~~~~~~~^^^^^^^^^^^^^^^^^^^^^^
  File "C:\Users\Usuario\source\repos\apt-pac\src\a
pt_pac\commands.py", line 869, in execute_command
    if apt_cmd in NEED_SUDO and os.getuid() != 0:
                                ^^^^^^^^^
AttributeError: module 'os' has no attribute 
'getuid'. Did you mean: 'getpid'?

---------------------------------------------------
-------------------
Ran 1 test in 0.004s

FAILED (errors=1)
